$ next build && cp -r .next/static .next/standalone/.next/ && cp -r public .next/standalone/
Attention: Next.js now collects completely anonymous telemetry regarding usage.
This information is used to shape Next.js' roadmap and prioritize features.
You can learn more, including how to opt-out if you'd not like to participate in this anonymous program, by visiting the following URL:
https://nextjs.org/telemetry

▲ Next.js 16.1.3 (Turbopack)
- Environments: .env

  Creating an optimized production build ...
✓ Compiled successfully in 6.2s
  Skipping validation of types
  Collecting page data using 3 workers ...
Outscraper API key not provided. Service will be in mock mode for development.
Outscraper API key not provided. Service will be in mock mode for development.
  Generating static pages using 3 workers (0/13) ...
  Generating static pages using 3 workers (3/13) 
  Generating static pages using 3 workers (6/13) 
  Generating static pages using 3 workers (9/13) 
Outscraper API key not provided. Service will be in mock mode for development.
✓ Generating static pages using 3 workers (13/13) in 132.4ms
  Finalizing page optimization ...

Route (app)
┌ ○ /
├ ○ /_not-found
├ ƒ /api
├ ƒ /api/analytics
├ ƒ /api/leads
├ ƒ /api/leads/[id]
├ ƒ /api/leads/[id]/check-duplicate
├ ƒ /api/leads/[id]/enrich
├ ƒ /api/leads/[id]/notes
├ ƒ /api/leads/[id]/score
├ ƒ /api/leads/bulk/enrich
├ ƒ /api/leads/compare
├ ƒ /api/leads/duplicates
├ ƒ /api/leads/export
├ ƒ /api/read-page
├ ƒ /api/scraping/search
├ ƒ /api/scraping/status/[id]
└ ƒ /api/system/status


○  (Static)   prerendered as static content
ƒ  (Dynamic)  server-rendered on demand

